// Vitest Snapshot v1, https://vitest.dev/guide/snapshot.html

exports[`exported types snapshot 1`] = `
[
  "AccountFlagsSchema",
  "AccountResponseSchema",
  "AccountSignerSchema",
  "AccountThresholdsSchema",
  "BalanceLineAssetSchema",
  "BalanceLineLiquidityPoolSchema",
  "BalanceLineNativeSchema",
  "BalanceLineSchema",
  "ClaimableBalanceCollectionSchema",
  "ClaimableBalanceRecordSchema",
  "ClaimantPredicateSchema",
  "ClaimantSchema",
  "CustomNetworkConfigSchema",
  "GetTransactionResponseSchema",
  "LedgerEntryResultSchema",
  "NETWORK_CONFIGS",
  "NetworkConfigSchema",
  "OfferAssetSchema",
  "OfferCollectionSchema",
  "OfferRecordSchema",
  "OrderbookPriceLevelSchema",
  "OrderbookRecordSchema",
  "ParsedClaimableBalanceRecordSchema",
  "SendTransactionResponseSchema",
  "SimulateTransactionResponseSchema",
  "StellarAccountDataSchema",
  "StellarBalanceSchema",
  "StellarNetworkSchema",
  "StellarTomlCurrencySchema",
  "StellarTomlDataSchema",
  "TransactionSubmissionResponseSchema",
  "asAssetIssuer",
  "asContractId",
  "asPublicKey",
  "asTxHash",
  "asXdrString",
  "safeValidateHorizonResponse",
  "unsafeAsAssetIssuer",
  "unsafeAsContractId",
  "unsafeAsPublicKey",
  "unsafeAsTxHash",
  "unsafeAsXdrString",
  "validateHorizonResponse",
]
`;
